  Γû▓ Next.js 14.2.35
  - Environments: .env.local

   Creating an optimized production build ...
